// Jest Snapshot v1, https://goo.gl/fbAQLP

exports[`<ResponsiveDrawer /> should renders as expected 1`] = `
ShallowWrapper {
  "length": 1,
  Symbol(enzyme.__root__): [Circular],
  Symbol(enzyme.__unrendered__): <ResponsiveDrawer
    classes={
        Object {
            "drawerHeader": "drawerHeader",
            "drawerPaper": "drawerPaper",
            "drawerPaperDis": "drawerPaperDis",
            "flexCenter": "flexCenter",
            "flexWrapper": "flexWrapper",
            "inside": "inside",
            "navIconHide": "navIconHide",
          }
    }
    disabled={false}
    drawerActions={
        Object {
            "toggleDrawer": [Function],
            "toggleHiddenBlock": [Function],
          }
    }
    opened={true}
    showedHiddenBlock={true}
    toggleDrawer={undefined}
    toggleHiddenBlock={undefined}
/>,
  Symbol(enzyme.__renderer__): Object {
    "batchedUpdates": [Function],
    "getNode": [Function],
    "render": [Function],
    "simulateEvent": [Function],
    "unmount": [Function],
  },
  Symbol(enzyme.__node__): Object {
    "instance": null,
    "key": null,
    "nodeType": "host",
    "props": Object {
      "children": Array [
        <Hidden
          implementation="js"
          lgDown={false}
          lgUp={false}
          mdDown={false}
          mdUp={false}
          smDown={false}
          smUp={false}
          xlDown={false}
          xlUp={false}
          xsDown={false}
          xsUp={false}
>
          <withStyles(Drawer)
                    classes={
                              Object {
                                        "paper": "drawerPaper",
                                      }
                    }
                    onRequestClose={[Function]}
                    open={true}
                    type="temporary"
          >
                    <div
                              className="flexWrapper"
                    >
                              <withStyles(HeaderBlock)
                                        primary="Name SurnameName Surname"
                                        secondary="surname@gmail.comsurname@gmail.com"
                                        toggleHiddenBlock={[Function]}
                              />
                              <withStyles(HiddenBlock)
                                        items={
                                                  Array [
                                                            Object {
                                                              "Icon": [Function],
                                                              "label": "Settings",
                                                              "onClick": [Function],
                                                            },
                                                          ]
                                        }
                                        opened={true}
                                        toggleDrawer={[Function]}
                              />
                              <withStyles(CenterBlock)
                                        items={
                                                  Array [
                                                            Object {
                                                              "Icon": [Function],
                                                              "label": "Home",
                                                              "onClick": [Function],
                                                            },
                                                            Object {
                                                              "Icon": [Function],
                                                              "label": "Demo app",
                                                              "onClick": [Function],
                                                            },
                                                            Object {
                                                              "Icon": [Function],
                                                              "label": "About",
                                                              "onClick": [Function],
                                                            },
                                                            Object {
                                                              "Icon": [Function],
                                                              "label": "Dialog",
                                                              "onClick": [Function],
                                                            },
                                                          ]
                                        }
                                        opened={true}
                                        toggleDrawer={[Function]}
                              />
                              <withStyles(BottomBlock)
                                        items={
                                                  Array [
                                                            Object {
                                                              "Icon": [Function],
                                                              "label": "Sign out",
                                                              "onClick": [Function],
                                                            },
                                                          ]
                                        }
                                        opened={true}
                                        toggleDrawer={[Function]}
                              />
                    </div>
          </withStyles(Drawer)>
</Hidden>,
        <Hidden
          implementation="css"
          lgDown={false}
          lgUp={false}
          mdDown={true}
          mdUp={false}
          smDown={false}
          smUp={false}
          xlDown={false}
          xlUp={false}
          xsDown={false}
          xsUp={false}
>
          <div
                    className="inside"
          />
          <withStyles(Drawer)
                    classes={
                              Object {
                                        "paper": "drawerPaper",
                                      }
                    }
                    open={true}
                    type="persistent"
          >
                    <div
                              className="flexWrapper"
                    >
                              <withStyles(HeaderBlock)
                                        primary="Name SurnameName Surname"
                                        secondary="surname@gmail.comsurname@gmail.com"
                                        toggleHiddenBlock={[Function]}
                              />
                              <withStyles(HiddenBlock)
                                        items={
                                                  Array [
                                                            Object {
                                                              "Icon": [Function],
                                                              "label": "Settings",
                                                              "onClick": [Function],
                                                            },
                                                          ]
                                        }
                                        opened={true}
                                        toggleDrawer={[Function]}
                              />
                              <withStyles(CenterBlock)
                                        items={
                                                  Array [
                                                            Object {
                                                              "Icon": [Function],
                                                              "label": "Home",
                                                              "onClick": [Function],
                                                            },
                                                            Object {
                                                              "Icon": [Function],
                                                              "label": "Demo app",
                                                              "onClick": [Function],
                                                            },
                                                            Object {
                                                              "Icon": [Function],
                                                              "label": "About",
                                                              "onClick": [Function],
                                                            },
                                                            Object {
                                                              "Icon": [Function],
                                                              "label": "Dialog",
                                                              "onClick": [Function],
                                                            },
                                                          ]
                                        }
                                        opened={true}
                                        toggleDrawer={[Function]}
                              />
                              <withStyles(BottomBlock)
                                        items={
                                                  Array [
                                                            Object {
                                                              "Icon": [Function],
                                                              "label": "Sign out",
                                                              "onClick": [Function],
                                                            },
                                                          ]
                                        }
                                        opened={true}
                                        toggleDrawer={[Function]}
                              />
                    </div>
          </withStyles(Drawer)>
</Hidden>,
      ],
    },
    "ref": null,
    "rendered": Array [
      Object {
        "instance": null,
        "key": null,
        "nodeType": "function",
        "props": Object {
          "children": <withStyles(Drawer)
            classes={
                        Object {
                                    "paper": "drawerPaper",
                                  }
            }
            onRequestClose={[Function]}
            open={true}
            type="temporary"
>
            <div
                        className="flexWrapper"
            >
                        <withStyles(HeaderBlock)
                                    primary="Name SurnameName Surname"
                                    secondary="surname@gmail.comsurname@gmail.com"
                                    toggleHiddenBlock={[Function]}
                        />
                        <withStyles(HiddenBlock)
                                    items={
                                                Array [
                                                            Object {
                                                              "Icon": [Function],
                                                              "label": "Settings",
                                                              "onClick": [Function],
                                                            },
                                                          ]
                                    }
                                    opened={true}
                                    toggleDrawer={[Function]}
                        />
                        <withStyles(CenterBlock)
                                    items={
                                                Array [
                                                            Object {
                                                              "Icon": [Function],
                                                              "label": "Home",
                                                              "onClick": [Function],
                                                            },
                                                            Object {
                                                              "Icon": [Function],
                                                              "label": "Demo app",
                                                              "onClick": [Function],
                                                            },
                                                            Object {
                                                              "Icon": [Function],
                                                              "label": "About",
                                                              "onClick": [Function],
                                                            },
                                                            Object {
                                                              "Icon": [Function],
                                                              "label": "Dialog",
                                                              "onClick": [Function],
                                                            },
                                                          ]
                                    }
                                    opened={true}
                                    toggleDrawer={[Function]}
                        />
                        <withStyles(BottomBlock)
                                    items={
                                                Array [
                                                            Object {
                                                              "Icon": [Function],
                                                              "label": "Sign out",
                                                              "onClick": [Function],
                                                            },
                                                          ]
                                    }
                                    opened={true}
                                    toggleDrawer={[Function]}
                        />
            </div>
</withStyles(Drawer)>,
          "implementation": "js",
          "lgDown": false,
          "lgUp": false,
          "mdDown": false,
          "mdUp": false,
          "smDown": false,
          "smUp": false,
          "xlDown": false,
          "xlUp": false,
          "xsDown": false,
          "xsUp": false,
        },
        "ref": null,
        "rendered": Object {
          "instance": null,
          "key": null,
          "nodeType": "class",
          "props": Object {
            "children": <div
              className="flexWrapper"
>
              <withStyles(HeaderBlock)
                            primary="Name SurnameName Surname"
                            secondary="surname@gmail.comsurname@gmail.com"
                            toggleHiddenBlock={[Function]}
              />
              <withStyles(HiddenBlock)
                            items={
                                          Array [
                                                        Object {
                                                          "Icon": [Function],
                                                          "label": "Settings",
                                                          "onClick": [Function],
                                                        },
                                                      ]
                            }
                            opened={true}
                            toggleDrawer={[Function]}
              />
              <withStyles(CenterBlock)
                            items={
                                          Array [
                                                        Object {
                                                          "Icon": [Function],
                                                          "label": "Home",
                                                          "onClick": [Function],
                                                        },
                                                        Object {
                                                          "Icon": [Function],
                                                          "label": "Demo app",
                                                          "onClick": [Function],
                                                        },
                                                        Object {
                                                          "Icon": [Function],
                                                          "label": "About",
                                                          "onClick": [Function],
                                                        },
                                                        Object {
                                                          "Icon": [Function],
                                                          "label": "Dialog",
                                                          "onClick": [Function],
                                                        },
                                                      ]
                            }
                            opened={true}
                            toggleDrawer={[Function]}
              />
              <withStyles(BottomBlock)
                            items={
                                          Array [
                                                        Object {
                                                          "Icon": [Function],
                                                          "label": "Sign out",
                                                          "onClick": [Function],
                                                        },
                                                      ]
                            }
                            opened={true}
                            toggleDrawer={[Function]}
              />
</div>,
            "classes": Object {
              "paper": "drawerPaper",
            },
            "onRequestClose": [Function],
            "open": true,
            "type": "temporary",
          },
          "ref": null,
          "rendered": Object {
            "instance": null,
            "key": null,
            "nodeType": "host",
            "props": Object {
              "children": Array [
                <withStyles(HeaderBlock)
                  primary="Name SurnameName Surname"
                  secondary="surname@gmail.comsurname@gmail.com"
                  toggleHiddenBlock={[Function]}
/>,
                <withStyles(HiddenBlock)
                  items={
                                    Array [
                                                      Object {
                                                        "Icon": [Function],
                                                        "label": "Settings",
                                                        "onClick": [Function],
                                                      },
                                                    ]
                  }
                  opened={true}
                  toggleDrawer={[Function]}
/>,
                <withStyles(CenterBlock)
                  items={
                                    Array [
                                                      Object {
                                                        "Icon": [Function],
                                                        "label": "Home",
                                                        "onClick": [Function],
                                                      },
                                                      Object {
                                                        "Icon": [Function],
                                                        "label": "Demo app",
                                                        "onClick": [Function],
                                                      },
                                                      Object {
                                                        "Icon": [Function],
                                                        "label": "About",
                                                        "onClick": [Function],
                                                      },
                                                      Object {
                                                        "Icon": [Function],
                                                        "label": "Dialog",
                                                        "onClick": [Function],
                                                      },
                                                    ]
                  }
                  opened={true}
                  toggleDrawer={[Function]}
/>,
                <withStyles(BottomBlock)
                  items={
                                    Array [
                                                      Object {
                                                        "Icon": [Function],
                                                        "label": "Sign out",
                                                        "onClick": [Function],
                                                      },
                                                    ]
                  }
                  opened={true}
                  toggleDrawer={[Function]}
/>,
              ],
              "className": "flexWrapper",
            },
            "ref": null,
            "rendered": Array [
              Object {
                "instance": null,
                "key": null,
                "nodeType": "class",
                "props": Object {
                  "primary": "Name SurnameName Surname",
                  "secondary": "surname@gmail.comsurname@gmail.com",
                  "toggleHiddenBlock": [Function],
                },
                "ref": null,
                "rendered": null,
                "type": [Function],
              },
              Object {
                "instance": null,
                "key": null,
                "nodeType": "class",
                "props": Object {
                  "items": Array [
                    Object {
                      "Icon": [Function],
                      "label": "Settings",
                      "onClick": [Function],
                    },
                  ],
                  "opened": true,
                  "toggleDrawer": [Function],
                },
                "ref": null,
                "rendered": null,
                "type": [Function],
              },
              Object {
                "instance": null,
                "key": null,
                "nodeType": "class",
                "props": Object {
                  "items": Array [
                    Object {
                      "Icon": [Function],
                      "label": "Home",
                      "onClick": [Function],
                    },
                    Object {
                      "Icon": [Function],
                      "label": "Demo app",
                      "onClick": [Function],
                    },
                    Object {
                      "Icon": [Function],
                      "label": "About",
                      "onClick": [Function],
                    },
                    Object {
                      "Icon": [Function],
                      "label": "Dialog",
                      "onClick": [Function],
                    },
                  ],
                  "opened": true,
                  "toggleDrawer": [Function],
                },
                "ref": null,
                "rendered": null,
                "type": [Function],
              },
              Object {
                "instance": null,
                "key": null,
                "nodeType": "class",
                "props": Object {
                  "items": Array [
                    Object {
                      "Icon": [Function],
                      "label": "Sign out",
                      "onClick": [Function],
                    },
                  ],
                  "opened": true,
                  "toggleDrawer": [Function],
                },
                "ref": null,
                "rendered": null,
                "type": [Function],
              },
            ],
            "type": "div",
          },
          "type": [Function],
        },
        "type": [Function],
      },
      Object {
        "instance": null,
        "key": null,
        "nodeType": "function",
        "props": Object {
          "children": Array [
            <div
              className="inside"
/>,
            <withStyles(Drawer)
              classes={
                            Object {
                                          "paper": "drawerPaper",
                                        }
              }
              open={true}
              type="persistent"
>
              <div
                            className="flexWrapper"
              >
                            <withStyles(HeaderBlock)
                                          primary="Name SurnameName Surname"
                                          secondary="surname@gmail.comsurname@gmail.com"
                                          toggleHiddenBlock={[Function]}
                            />
                            <withStyles(HiddenBlock)
                                          items={
                                                        Array [
                                                                      Object {
                                                                        "Icon": [Function],
                                                                        "label": "Settings",
                                                                        "onClick": [Function],
                                                                      },
                                                                    ]
                                          }
                                          opened={true}
                                          toggleDrawer={[Function]}
                            />
                            <withStyles(CenterBlock)
                                          items={
                                                        Array [
                                                                      Object {
                                                                        "Icon": [Function],
                                                                        "label": "Home",
                                                                        "onClick": [Function],
                                                                      },
                                                                      Object {
                                                                        "Icon": [Function],
                                                                        "label": "Demo app",
                                                                        "onClick": [Function],
                                                                      },
                                                                      Object {
                                                                        "Icon": [Function],
                                                                        "label": "About",
                                                                        "onClick": [Function],
                                                                      },
                                                                      Object {
                                                                        "Icon": [Function],
                                                                        "label": "Dialog",
                                                                        "onClick": [Function],
                                                                      },
                                                                    ]
                                          }
                                          opened={true}
                                          toggleDrawer={[Function]}
                            />
                            <withStyles(BottomBlock)
                                          items={
                                                        Array [
                                                                      Object {
                                                                        "Icon": [Function],
                                                                        "label": "Sign out",
                                                                        "onClick": [Function],
                                                                      },
                                                                    ]
                                          }
                                          opened={true}
                                          toggleDrawer={[Function]}
                            />
              </div>
</withStyles(Drawer)>,
          ],
          "implementation": "css",
          "lgDown": false,
          "lgUp": false,
          "mdDown": true,
          "mdUp": false,
          "smDown": false,
          "smUp": false,
          "xlDown": false,
          "xlUp": false,
          "xsDown": false,
          "xsUp": false,
        },
        "ref": null,
        "rendered": Array [
          Object {
            "instance": null,
            "key": null,
            "nodeType": "host",
            "props": Object {
              "className": "inside",
            },
            "ref": null,
            "rendered": null,
            "type": "div",
          },
          Object {
            "instance": null,
            "key": null,
            "nodeType": "class",
            "props": Object {
              "children": <div
                className="flexWrapper"
>
                <withStyles(HeaderBlock)
                                primary="Name SurnameName Surname"
                                secondary="surname@gmail.comsurname@gmail.com"
                                toggleHiddenBlock={[Function]}
                />
                <withStyles(HiddenBlock)
                                items={
                                                Array [
                                                                Object {
                                                                  "Icon": [Function],
                                                                  "label": "Settings",
                                                                  "onClick": [Function],
                                                                },
                                                              ]
                                }
                                opened={true}
                                toggleDrawer={[Function]}
                />
                <withStyles(CenterBlock)
                                items={
                                                Array [
                                                                Object {
                                                                  "Icon": [Function],
                                                                  "label": "Home",
                                                                  "onClick": [Function],
                                                                },
                                                                Object {
                                                                  "Icon": [Function],
                                                                  "label": "Demo app",
                                                                  "onClick": [Function],
                                                                },
                                                                Object {
                                                                  "Icon": [Function],
                                                                  "label": "About",
                                                                  "onClick": [Function],
                                                                },
                                                                Object {
                                                                  "Icon": [Function],
                                                                  "label": "Dialog",
                                                                  "onClick": [Function],
                                                                },
                                                              ]
                                }
                                opened={true}
                                toggleDrawer={[Function]}
                />
                <withStyles(BottomBlock)
                                items={
                                                Array [
                                                                Object {
                                                                  "Icon": [Function],
                                                                  "label": "Sign out",
                                                                  "onClick": [Function],
                                                                },
                                                              ]
                                }
                                opened={true}
                                toggleDrawer={[Function]}
                />
</div>,
              "classes": Object {
                "paper": "drawerPaper",
              },
              "open": true,
              "type": "persistent",
            },
            "ref": null,
            "rendered": Object {
              "instance": null,
              "key": null,
              "nodeType": "host",
              "props": Object {
                "children": Array [
                  <withStyles(HeaderBlock)
                    primary="Name SurnameName Surname"
                    secondary="surname@gmail.comsurname@gmail.com"
                    toggleHiddenBlock={[Function]}
/>,
                  <withStyles(HiddenBlock)
                    items={
                                        Array [
                                                            Object {
                                                              "Icon": [Function],
                                                              "label": "Settings",
                                                              "onClick": [Function],
                                                            },
                                                          ]
                    }
                    opened={true}
                    toggleDrawer={[Function]}
/>,
                  <withStyles(CenterBlock)
                    items={
                                        Array [
                                                            Object {
                                                              "Icon": [Function],
                                                              "label": "Home",
                                                              "onClick": [Function],
                                                            },
                                                            Object {
                                                              "Icon": [Function],
                                                              "label": "Demo app",
                                                              "onClick": [Function],
                                                            },
                                                            Object {
                                                              "Icon": [Function],
                                                              "label": "About",
                                                              "onClick": [Function],
                                                            },
                                                            Object {
                                                              "Icon": [Function],
                                                              "label": "Dialog",
                                                              "onClick": [Function],
                                                            },
                                                          ]
                    }
                    opened={true}
                    toggleDrawer={[Function]}
/>,
                  <withStyles(BottomBlock)
                    items={
                                        Array [
                                                            Object {
                                                              "Icon": [Function],
                                                              "label": "Sign out",
                                                              "onClick": [Function],
                                                            },
                                                          ]
                    }
                    opened={true}
                    toggleDrawer={[Function]}
/>,
                ],
                "className": "flexWrapper",
              },
              "ref": null,
              "rendered": Array [
                Object {
                  "instance": null,
                  "key": null,
                  "nodeType": "class",
                  "props": Object {
                    "primary": "Name SurnameName Surname",
                    "secondary": "surname@gmail.comsurname@gmail.com",
                    "toggleHiddenBlock": [Function],
                  },
                  "ref": null,
                  "rendered": null,
                  "type": [Function],
                },
                Object {
                  "instance": null,
                  "key": null,
                  "nodeType": "class",
                  "props": Object {
                    "items": Array [
                      Object {
                        "Icon": [Function],
                        "label": "Settings",
                        "onClick": [Function],
                      },
                    ],
                    "opened": true,
                    "toggleDrawer": [Function],
                  },
                  "ref": null,
                  "rendered": null,
                  "type": [Function],
                },
                Object {
                  "instance": null,
                  "key": null,
                  "nodeType": "class",
                  "props": Object {
                    "items": Array [
                      Object {
                        "Icon": [Function],
                        "label": "Home",
                        "onClick": [Function],
                      },
                      Object {
                        "Icon": [Function],
                        "label": "Demo app",
                        "onClick": [Function],
                      },
                      Object {
                        "Icon": [Function],
                        "label": "About",
                        "onClick": [Function],
                      },
                      Object {
                        "Icon": [Function],
                        "label": "Dialog",
                        "onClick": [Function],
                      },
                    ],
                    "opened": true,
                    "toggleDrawer": [Function],
                  },
                  "ref": null,
                  "rendered": null,
                  "type": [Function],
                },
                Object {
                  "instance": null,
                  "key": null,
                  "nodeType": "class",
                  "props": Object {
                    "items": Array [
                      Object {
                        "Icon": [Function],
                        "label": "Sign out",
                        "onClick": [Function],
                      },
                    ],
                    "opened": true,
                    "toggleDrawer": [Function],
                  },
                  "ref": null,
                  "rendered": null,
                  "type": [Function],
                },
              ],
              "type": "div",
            },
            "type": [Function],
          },
        ],
        "type": [Function],
      },
    ],
    "type": "div",
  },
  Symbol(enzyme.__nodes__): Array [
    Object {
      "instance": null,
      "key": null,
      "nodeType": "host",
      "props": Object {
        "children": Array [
          <Hidden
            implementation="js"
            lgDown={false}
            lgUp={false}
            mdDown={false}
            mdUp={false}
            smDown={false}
            smUp={false}
            xlDown={false}
            xlUp={false}
            xsDown={false}
            xsUp={false}
>
            <withStyles(Drawer)
                        classes={
                                    Object {
                                                "paper": "drawerPaper",
                                              }
                        }
                        onRequestClose={[Function]}
                        open={true}
                        type="temporary"
            >
                        <div
                                    className="flexWrapper"
                        >
                                    <withStyles(HeaderBlock)
                                                primary="Name SurnameName Surname"
                                                secondary="surname@gmail.comsurname@gmail.com"
                                                toggleHiddenBlock={[Function]}
                                    />
                                    <withStyles(HiddenBlock)
                                                items={
                                                            Array [
                                                                        Object {
                                                                          "Icon": [Function],
                                                                          "label": "Settings",
                                                                          "onClick": [Function],
                                                                        },
                                                                      ]
                                                }
                                                opened={true}
                                                toggleDrawer={[Function]}
                                    />
                                    <withStyles(CenterBlock)
                                                items={
                                                            Array [
                                                                        Object {
                                                                          "Icon": [Function],
                                                                          "label": "Home",
                                                                          "onClick": [Function],
                                                                        },
                                                                        Object {
                                                                          "Icon": [Function],
                                                                          "label": "Demo app",
                                                                          "onClick": [Function],
                                                                        },
                                                                        Object {
                                                                          "Icon": [Function],
                                                                          "label": "About",
                                                                          "onClick": [Function],
                                                                        },
                                                                        Object {
                                                                          "Icon": [Function],
                                                                          "label": "Dialog",
                                                                          "onClick": [Function],
                                                                        },
                                                                      ]
                                                }
                                                opened={true}
                                                toggleDrawer={[Function]}
                                    />
                                    <withStyles(BottomBlock)
                                                items={
                                                            Array [
                                                                        Object {
                                                                          "Icon": [Function],
                                                                          "label": "Sign out",
                                                                          "onClick": [Function],
                                                                        },
                                                                      ]
                                                }
                                                opened={true}
                                                toggleDrawer={[Function]}
                                    />
                        </div>
            </withStyles(Drawer)>
</Hidden>,
          <Hidden
            implementation="css"
            lgDown={false}
            lgUp={false}
            mdDown={true}
            mdUp={false}
            smDown={false}
            smUp={false}
            xlDown={false}
            xlUp={false}
            xsDown={false}
            xsUp={false}
>
            <div
                        className="inside"
            />
            <withStyles(Drawer)
                        classes={
                                    Object {
                                                "paper": "drawerPaper",
                                              }
                        }
                        open={true}
                        type="persistent"
            >
                        <div
                                    className="flexWrapper"
                        >
                                    <withStyles(HeaderBlock)
                                                primary="Name SurnameName Surname"
                                                secondary="surname@gmail.comsurname@gmail.com"
                                                toggleHiddenBlock={[Function]}
                                    />
                                    <withStyles(HiddenBlock)
                                                items={
                                                            Array [
                                                                        Object {
                                                                          "Icon": [Function],
                                                                          "label": "Settings",
                                                                          "onClick": [Function],
                                                                        },
                                                                      ]
                                                }
                                                opened={true}
                                                toggleDrawer={[Function]}
                                    />
                                    <withStyles(CenterBlock)
                                                items={
                                                            Array [
                                                                        Object {
                                                                          "Icon": [Function],
                                                                          "label": "Home",
                                                                          "onClick": [Function],
                                                                        },
                                                                        Object {
                                                                          "Icon": [Function],
                                                                          "label": "Demo app",
                                                                          "onClick": [Function],
                                                                        },
                                                                        Object {
                                                                          "Icon": [Function],
                                                                          "label": "About",
                                                                          "onClick": [Function],
                                                                        },
                                                                        Object {
                                                                          "Icon": [Function],
                                                                          "label": "Dialog",
                                                                          "onClick": [Function],
                                                                        },
                                                                      ]
                                                }
                                                opened={true}
                                                toggleDrawer={[Function]}
                                    />
                                    <withStyles(BottomBlock)
                                                items={
                                                            Array [
                                                                        Object {
                                                                          "Icon": [Function],
                                                                          "label": "Sign out",
                                                                          "onClick": [Function],
                                                                        },
                                                                      ]
                                                }
                                                opened={true}
                                                toggleDrawer={[Function]}
                                    />
                        </div>
            </withStyles(Drawer)>
</Hidden>,
        ],
      },
      "ref": null,
      "rendered": Array [
        Object {
          "instance": null,
          "key": null,
          "nodeType": "function",
          "props": Object {
            "children": <withStyles(Drawer)
              classes={
                            Object {
                                          "paper": "drawerPaper",
                                        }
              }
              onRequestClose={[Function]}
              open={true}
              type="temporary"
>
              <div
                            className="flexWrapper"
              >
                            <withStyles(HeaderBlock)
                                          primary="Name SurnameName Surname"
                                          secondary="surname@gmail.comsurname@gmail.com"
                                          toggleHiddenBlock={[Function]}
                            />
                            <withStyles(HiddenBlock)
                                          items={
                                                        Array [
                                                                      Object {
                                                                        "Icon": [Function],
                                                                        "label": "Settings",
                                                                        "onClick": [Function],
                                                                      },
                                                                    ]
                                          }
                                          opened={true}
                                          toggleDrawer={[Function]}
                            />
                            <withStyles(CenterBlock)
                                          items={
                                                        Array [
                                                                      Object {
                                                                        "Icon": [Function],
                                                                        "label": "Home",
                                                                        "onClick": [Function],
                                                                      },
                                                                      Object {
                                                                        "Icon": [Function],
                                                                        "label": "Demo app",
                                                                        "onClick": [Function],
                                                                      },
                                                                      Object {
                                                                        "Icon": [Function],
                                                                        "label": "About",
                                                                        "onClick": [Function],
                                                                      },
                                                                      Object {
                                                                        "Icon": [Function],
                                                                        "label": "Dialog",
                                                                        "onClick": [Function],
                                                                      },
                                                                    ]
                                          }
                                          opened={true}
                                          toggleDrawer={[Function]}
                            />
                            <withStyles(BottomBlock)
                                          items={
                                                        Array [
                                                                      Object {
                                                                        "Icon": [Function],
                                                                        "label": "Sign out",
                                                                        "onClick": [Function],
                                                                      },
                                                                    ]
                                          }
                                          opened={true}
                                          toggleDrawer={[Function]}
                            />
              </div>
</withStyles(Drawer)>,
            "implementation": "js",
            "lgDown": false,
            "lgUp": false,
            "mdDown": false,
            "mdUp": false,
            "smDown": false,
            "smUp": false,
            "xlDown": false,
            "xlUp": false,
            "xsDown": false,
            "xsUp": false,
          },
          "ref": null,
          "rendered": Object {
            "instance": null,
            "key": null,
            "nodeType": "class",
            "props": Object {
              "children": <div
                className="flexWrapper"
>
                <withStyles(HeaderBlock)
                                primary="Name SurnameName Surname"
                                secondary="surname@gmail.comsurname@gmail.com"
                                toggleHiddenBlock={[Function]}
                />
                <withStyles(HiddenBlock)
                                items={
                                                Array [
                                                                Object {
                                                                  "Icon": [Function],
                                                                  "label": "Settings",
                                                                  "onClick": [Function],
                                                                },
                                                              ]
                                }
                                opened={true}
                                toggleDrawer={[Function]}
                />
                <withStyles(CenterBlock)
                                items={
                                                Array [
                                                                Object {
                                                                  "Icon": [Function],
                                                                  "label": "Home",
                                                                  "onClick": [Function],
                                                                },
                                                                Object {
                                                                  "Icon": [Function],
                                                                  "label": "Demo app",
                                                                  "onClick": [Function],
                                                                },
                                                                Object {
                                                                  "Icon": [Function],
                                                                  "label": "About",
                                                                  "onClick": [Function],
                                                                },
                                                                Object {
                                                                  "Icon": [Function],
                                                                  "label": "Dialog",
                                                                  "onClick": [Function],
                                                                },
                                                              ]
                                }
                                opened={true}
                                toggleDrawer={[Function]}
                />
                <withStyles(BottomBlock)
                                items={
                                                Array [
                                                                Object {
                                                                  "Icon": [Function],
                                                                  "label": "Sign out",
                                                                  "onClick": [Function],
                                                                },
                                                              ]
                                }
                                opened={true}
                                toggleDrawer={[Function]}
                />
</div>,
              "classes": Object {
                "paper": "drawerPaper",
              },
              "onRequestClose": [Function],
              "open": true,
              "type": "temporary",
            },
            "ref": null,
            "rendered": Object {
              "instance": null,
              "key": null,
              "nodeType": "host",
              "props": Object {
                "children": Array [
                  <withStyles(HeaderBlock)
                    primary="Name SurnameName Surname"
                    secondary="surname@gmail.comsurname@gmail.com"
                    toggleHiddenBlock={[Function]}
/>,
                  <withStyles(HiddenBlock)
                    items={
                                        Array [
                                                            Object {
                                                              "Icon": [Function],
                                                              "label": "Settings",
                                                              "onClick": [Function],
                                                            },
                                                          ]
                    }
                    opened={true}
                    toggleDrawer={[Function]}
/>,
                  <withStyles(CenterBlock)
                    items={
                                        Array [
                                                            Object {
                                                              "Icon": [Function],
                                                              "label": "Home",
                                                              "onClick": [Function],
                                                            },
                                                            Object {
                                                              "Icon": [Function],
                                                              "label": "Demo app",
                                                              "onClick": [Function],
                                                            },
                                                            Object {
                                                              "Icon": [Function],
                                                              "label": "About",
                                                              "onClick": [Function],
                                                            },
                                                            Object {
                                                              "Icon": [Function],
                                                              "label": "Dialog",
                                                              "onClick": [Function],
                                                            },
                                                          ]
                    }
                    opened={true}
                    toggleDrawer={[Function]}
/>,
                  <withStyles(BottomBlock)
                    items={
                                        Array [
                                                            Object {
                                                              "Icon": [Function],
                                                              "label": "Sign out",
                                                              "onClick": [Function],
                                                            },
                                                          ]
                    }
                    opened={true}
                    toggleDrawer={[Function]}
/>,
                ],
                "className": "flexWrapper",
              },
              "ref": null,
              "rendered": Array [
                Object {
                  "instance": null,
                  "key": null,
                  "nodeType": "class",
                  "props": Object {
                    "primary": "Name SurnameName Surname",
                    "secondary": "surname@gmail.comsurname@gmail.com",
                    "toggleHiddenBlock": [Function],
                  },
                  "ref": null,
                  "rendered": null,
                  "type": [Function],
                },
                Object {
                  "instance": null,
                  "key": null,
                  "nodeType": "class",
                  "props": Object {
                    "items": Array [
                      Object {
                        "Icon": [Function],
                        "label": "Settings",
                        "onClick": [Function],
                      },
                    ],
                    "opened": true,
                    "toggleDrawer": [Function],
                  },
                  "ref": null,
                  "rendered": null,
                  "type": [Function],
                },
                Object {
                  "instance": null,
                  "key": null,
                  "nodeType": "class",
                  "props": Object {
                    "items": Array [
                      Object {
                        "Icon": [Function],
                        "label": "Home",
                        "onClick": [Function],
                      },
                      Object {
                        "Icon": [Function],
                        "label": "Demo app",
                        "onClick": [Function],
                      },
                      Object {
                        "Icon": [Function],
                        "label": "About",
                        "onClick": [Function],
                      },
                      Object {
                        "Icon": [Function],
                        "label": "Dialog",
                        "onClick": [Function],
                      },
                    ],
                    "opened": true,
                    "toggleDrawer": [Function],
                  },
                  "ref": null,
                  "rendered": null,
                  "type": [Function],
                },
                Object {
                  "instance": null,
                  "key": null,
                  "nodeType": "class",
                  "props": Object {
                    "items": Array [
                      Object {
                        "Icon": [Function],
                        "label": "Sign out",
                        "onClick": [Function],
                      },
                    ],
                    "opened": true,
                    "toggleDrawer": [Function],
                  },
                  "ref": null,
                  "rendered": null,
                  "type": [Function],
                },
              ],
              "type": "div",
            },
            "type": [Function],
          },
          "type": [Function],
        },
        Object {
          "instance": null,
          "key": null,
          "nodeType": "function",
          "props": Object {
            "children": Array [
              <div
                className="inside"
/>,
              <withStyles(Drawer)
                classes={
                                Object {
                                                "paper": "drawerPaper",
                                              }
                }
                open={true}
                type="persistent"
>
                <div
                                className="flexWrapper"
                >
                                <withStyles(HeaderBlock)
                                                primary="Name SurnameName Surname"
                                                secondary="surname@gmail.comsurname@gmail.com"
                                                toggleHiddenBlock={[Function]}
                                />
                                <withStyles(HiddenBlock)
                                                items={
                                                                Array [
                                                                                Object {
                                                                                  "Icon": [Function],
                                                                                  "label": "Settings",
                                                                                  "onClick": [Function],
                                                                                },
                                                                              ]
                                                }
                                                opened={true}
                                                toggleDrawer={[Function]}
                                />
                                <withStyles(CenterBlock)
                                                items={
                                                                Array [
                                                                                Object {
                                                                                  "Icon": [Function],
                                                                                  "label": "Home",
                                                                                  "onClick": [Function],
                                                                                },
                                                                                Object {
                                                                                  "Icon": [Function],
                                                                                  "label": "Demo app",
                                                                                  "onClick": [Function],
                                                                                },
                                                                                Object {
                                                                                  "Icon": [Function],
                                                                                  "label": "About",
                                                                                  "onClick": [Function],
                                                                                },
                                                                                Object {
                                                                                  "Icon": [Function],
                                                                                  "label": "Dialog",
                                                                                  "onClick": [Function],
                                                                                },
                                                                              ]
                                                }
                                                opened={true}
                                                toggleDrawer={[Function]}
                                />
                                <withStyles(BottomBlock)
                                                items={
                                                                Array [
                                                                                Object {
                                                                                  "Icon": [Function],
                                                                                  "label": "Sign out",
                                                                                  "onClick": [Function],
                                                                                },
                                                                              ]
                                                }
                                                opened={true}
                                                toggleDrawer={[Function]}
                                />
                </div>
</withStyles(Drawer)>,
            ],
            "implementation": "css",
            "lgDown": false,
            "lgUp": false,
            "mdDown": true,
            "mdUp": false,
            "smDown": false,
            "smUp": false,
            "xlDown": false,
            "xlUp": false,
            "xsDown": false,
            "xsUp": false,
          },
          "ref": null,
          "rendered": Array [
            Object {
              "instance": null,
              "key": null,
              "nodeType": "host",
              "props": Object {
                "className": "inside",
              },
              "ref": null,
              "rendered": null,
              "type": "div",
            },
            Object {
              "instance": null,
              "key": null,
              "nodeType": "class",
              "props": Object {
                "children": <div
                  className="flexWrapper"
>
                  <withStyles(HeaderBlock)
                                    primary="Name SurnameName Surname"
                                    secondary="surname@gmail.comsurname@gmail.com"
                                    toggleHiddenBlock={[Function]}
                  />
                  <withStyles(HiddenBlock)
                                    items={
                                                      Array [
                                                                        Object {
                                                                          "Icon": [Function],
                                                                          "label": "Settings",
                                                                          "onClick": [Function],
                                                                        },
                                                                      ]
                                    }
                                    opened={true}
                                    toggleDrawer={[Function]}
                  />
                  <withStyles(CenterBlock)
                                    items={
                                                      Array [
                                                                        Object {
                                                                          "Icon": [Function],
                                                                          "label": "Home",
                                                                          "onClick": [Function],
                                                                        },
                                                                        Object {
                                                                          "Icon": [Function],
                                                                          "label": "Demo app",
                                                                          "onClick": [Function],
                                                                        },
                                                                        Object {
                                                                          "Icon": [Function],
                                                                          "label": "About",
                                                                          "onClick": [Function],
                                                                        },
                                                                        Object {
                                                                          "Icon": [Function],
                                                                          "label": "Dialog",
                                                                          "onClick": [Function],
                                                                        },
                                                                      ]
                                    }
                                    opened={true}
                                    toggleDrawer={[Function]}
                  />
                  <withStyles(BottomBlock)
                                    items={
                                                      Array [
                                                                        Object {
                                                                          "Icon": [Function],
                                                                          "label": "Sign out",
                                                                          "onClick": [Function],
                                                                        },
                                                                      ]
                                    }
                                    opened={true}
                                    toggleDrawer={[Function]}
                  />
</div>,
                "classes": Object {
                  "paper": "drawerPaper",
                },
                "open": true,
                "type": "persistent",
              },
              "ref": null,
              "rendered": Object {
                "instance": null,
                "key": null,
                "nodeType": "host",
                "props": Object {
                  "children": Array [
                    <withStyles(HeaderBlock)
                      primary="Name SurnameName Surname"
                      secondary="surname@gmail.comsurname@gmail.com"
                      toggleHiddenBlock={[Function]}
/>,
                    <withStyles(HiddenBlock)
                      items={
                                            Array [
                                                                  Object {
                                                                    "Icon": [Function],
                                                                    "label": "Settings",
                                                                    "onClick": [Function],
                                                                  },
                                                                ]
                      }
                      opened={true}
                      toggleDrawer={[Function]}
/>,
                    <withStyles(CenterBlock)
                      items={
                                            Array [
                                                                  Object {
                                                                    "Icon": [Function],
                                                                    "label": "Home",
                                                                    "onClick": [Function],
                                                                  },
                                                                  Object {
                                                                    "Icon": [Function],
                                                                    "label": "Demo app",
                                                                    "onClick": [Function],
                                                                  },
                                                                  Object {
                                                                    "Icon": [Function],
                                                                    "label": "About",
                                                                    "onClick": [Function],
                                                                  },
                                                                  Object {
                                                                    "Icon": [Function],
                                                                    "label": "Dialog",
                                                                    "onClick": [Function],
                                                                  },
                                                                ]
                      }
                      opened={true}
                      toggleDrawer={[Function]}
/>,
                    <withStyles(BottomBlock)
                      items={
                                            Array [
                                                                  Object {
                                                                    "Icon": [Function],
                                                                    "label": "Sign out",
                                                                    "onClick": [Function],
                                                                  },
                                                                ]
                      }
                      opened={true}
                      toggleDrawer={[Function]}
/>,
                  ],
                  "className": "flexWrapper",
                },
                "ref": null,
                "rendered": Array [
                  Object {
                    "instance": null,
                    "key": null,
                    "nodeType": "class",
                    "props": Object {
                      "primary": "Name SurnameName Surname",
                      "secondary": "surname@gmail.comsurname@gmail.com",
                      "toggleHiddenBlock": [Function],
                    },
                    "ref": null,
                    "rendered": null,
                    "type": [Function],
                  },
                  Object {
                    "instance": null,
                    "key": null,
                    "nodeType": "class",
                    "props": Object {
                      "items": Array [
                        Object {
                          "Icon": [Function],
                          "label": "Settings",
                          "onClick": [Function],
                        },
                      ],
                      "opened": true,
                      "toggleDrawer": [Function],
                    },
                    "ref": null,
                    "rendered": null,
                    "type": [Function],
                  },
                  Object {
                    "instance": null,
                    "key": null,
                    "nodeType": "class",
                    "props": Object {
                      "items": Array [
                        Object {
                          "Icon": [Function],
                          "label": "Home",
                          "onClick": [Function],
                        },
                        Object {
                          "Icon": [Function],
                          "label": "Demo app",
                          "onClick": [Function],
                        },
                        Object {
                          "Icon": [Function],
                          "label": "About",
                          "onClick": [Function],
                        },
                        Object {
                          "Icon": [Function],
                          "label": "Dialog",
                          "onClick": [Function],
                        },
                      ],
                      "opened": true,
                      "toggleDrawer": [Function],
                    },
                    "ref": null,
                    "rendered": null,
                    "type": [Function],
                  },
                  Object {
                    "instance": null,
                    "key": null,
                    "nodeType": "class",
                    "props": Object {
                      "items": Array [
                        Object {
                          "Icon": [Function],
                          "label": "Sign out",
                          "onClick": [Function],
                        },
                      ],
                      "opened": true,
                      "toggleDrawer": [Function],
                    },
                    "ref": null,
                    "rendered": null,
                    "type": [Function],
                  },
                ],
                "type": "div",
              },
              "type": [Function],
            },
          ],
          "type": [Function],
        },
      ],
      "type": "div",
    },
  ],
  Symbol(enzyme.__options__): Object {
    "adapter": ReactSixteenAdapter {
      "options": Object {
        "enableComponentDidUpdateOnSetState": true,
      },
    },
  },
}
`;
